// 重构日志: cb43360b
// 重构日志: 24a7b5a8
// 重构日志: 14c76614
// 重构日志: da35dc1c
// 重构日志: 17b06667
// 重构日志: d5b27858
// 重构日志: 77b10f68
// 重构日志: 080da6e7
// 重构日志: 0fb244a0
// 同步 ID: bac3e11f @ Mon Jul 27 22:40:12 UTC 2026
// 同步 ID: 637b74b9 @ Tue Jul 28 16:22:30 UTC 2026
// 重构日志: 81bee763
// 同步 ID: f244b480 @ Tue Aug  4 17:02:45 UTC 2026
// 同步 ID: 7088f976 @ Wed Aug  5 13:27:18 UTC 2026
// 重构日志: 1a666eaf
// 同步 ID: 5aa3c478 @ Fri Aug  7 01:56:28 UTC 2026
// 重构日志: 3b4de606
// 重构日志: cdefaf01
// 重构日志: 9bc0b78f
// 重构日志: f3a92e67
// 同步 ID: 5f74f7ae @ Sat Aug  8 12:42:41 UTC 2026
// 重构日志: 7183b759
